Command line invocation:
    /Applications/Xcode.app/Contents/Developer/usr/bin/xcodebuild -project AirPosture.xcodeproj -scheme AirPosture -destination "platform=iOS Simulator,name=iPhone 16e" build

2026-02-17 21:17:09.309 xcodebuild[3229:2758075] [MT] IDERunDestination: Supported platforms for the buildables in the current scheme is empty.
ComputePackagePrebuildTargetDependencyGraph

Prepare packages

CreateBuildRequest

SendProjectDescription

CreateBuildOperation

ComputeTargetDependencyGraph
note: Building targets in dependency order
note: Target dependency graph (1 target)
    Target 'AirPosture' in project 'AirPosture' (no dependencies)

GatherProvisioningInputs

CreateBuildDescription

ExecuteExternalTool /Applications/Xcode.app/Contents/Developer/Toolchains/XcodeDefault.xctoolchain/usr/bin/clang -v -E -dM -isysroot /Applications/Xcode.app/Contents/Developer/Platforms/iPhoneSimulator.platform/Developer/SDKs/iPhoneSimulator26.2.sdk -x c -c /dev/null

ExecuteExternalTool /Applications/Xcode.app/Contents/Developer/Toolchains/XcodeDefault.xctoolchain/usr/bin/swiftc --version

ExecuteExternalTool /Applications/Xcode.app/Contents/Developer/Toolchains/XcodeDefault.xctoolchain/usr/bin/ld -version_details

Build description signature: 22e8ce146d3fe82c907640b004755beb
Build description path: /Users/keno/Library/Developer/Xcode/DerivedData/AirPosture-hblucrykakncqfdzfjlzswinkxaj/Build/Intermediates.noindex/XCBuildData/22e8ce146d3fe82c907640b004755beb.xcbuilddata
ClangStatCache /Applications/Xcode.app/Contents/Developer/Toolchains/XcodeDefault.xctoolchain/usr/bin/clang-stat-cache /Applications/Xcode.app/Contents/Developer/Platforms/iPhoneSimulator.platform/Developer/SDKs/iPhoneSimulator26.2.sdk /Users/keno/Library/Developer/Xcode/DerivedData/SDKStatCaches.noindex/iphonesimulator26.2-23C53-7d00a8b37fbd7999ea79df8ebc024bf0.sdkstatcache
    cd /Users/keno/Desktop/test/AirPosture/AirPosture.xcodeproj
    /Applications/Xcode.app/Contents/Developer/Toolchains/XcodeDefault.xctoolchain/usr/bin/clang-stat-cache /Applications/Xcode.app/Contents/Developer/Platforms/iPhoneSimulator.platform/Developer/SDKs/iPhoneSimulator26.2.sdk -o /Users/keno/Library/Developer/Xcode/DerivedData/SDKStatCaches.noindex/iphonesimulator26.2-23C53-7d00a8b37fbd7999ea79df8ebc024bf0.sdkstatcache

ProcessProductPackaging "" /Users/keno/Library/Developer/Xcode/DerivedData/AirPosture-hblucrykakncqfdzfjlzswinkxaj/Build/Intermediates.noindex/AirPosture.build/Debug-iphonesimulator/AirPosture.build/AirPosture.app-Simulated.xcent (in target 'AirPosture' from project 'AirPosture')
    cd /Users/keno/Desktop/test/AirPosture
    
    Entitlements:
    
    {
    "application-identifier" = "3PN5MFDGXX.com.example.AirPosture";
}
    
    builtin-productPackagingUtility -entitlements -format xml -o /Users/keno/Library/Developer/Xcode/DerivedData/AirPosture-hblucrykakncqfdzfjlzswinkxaj/Build/Intermediates.noindex/AirPosture.build/Debug-iphonesimulator/AirPosture.build/AirPosture.app-Simulated.xcent

ProcessProductPackagingDER /Users/keno/Library/Developer/Xcode/DerivedData/AirPosture-hblucrykakncqfdzfjlzswinkxaj/Build/Intermediates.noindex/AirPosture.build/Debug-iphonesimulator/AirPosture.build/AirPosture.app-Simulated.xcent /Users/keno/Library/Developer/Xcode/DerivedData/AirPosture-hblucrykakncqfdzfjlzswinkxaj/Build/Intermediates.noindex/AirPosture.build/Debug-iphonesimulator/AirPosture.build/AirPosture.app-Simulated.xcent.der (in target 'AirPosture' from project 'AirPosture')
    cd /Users/keno/Desktop/test/AirPosture
    /usr/bin/derq query -f xml -i /Users/keno/Library/Developer/Xcode/DerivedData/AirPosture-hblucrykakncqfdzfjlzswinkxaj/Build/Intermediates.noindex/AirPosture.build/Debug-iphonesimulator/AirPosture.build/AirPosture.app-Simulated.xcent -o /Users/keno/Library/Developer/Xcode/DerivedData/AirPosture-hblucrykakncqfdzfjlzswinkxaj/Build/Intermediates.noindex/AirPosture.build/Debug-iphonesimulator/AirPosture.build/AirPosture.app-Simulated.xcent.der --raw

ProcessInfoPlistFile /Users/keno/Library/Developer/Xcode/DerivedData/AirPosture-hblucrykakncqfdzfjlzswinkxaj/Build/Products/Debug-iphonesimulator/AirPosture.app/Info.plist /Users/keno/Desktop/test/AirPosture/AirPosture/Info.plist (in target 'AirPosture' from project 'AirPosture')
    cd /Users/keno/Desktop/test/AirPosture
    builtin-infoPlistUtility /Users/keno/Desktop/test/AirPosture/AirPosture/Info.plist -producttype com.apple.product-type.application -genpkginfo /Users/keno/Library/Developer/Xcode/DerivedData/AirPosture-hblucrykakncqfdzfjlzswinkxaj/Build/Products/Debug-iphonesimulator/AirPosture.app/PkgInfo -expandbuildsettings -format binary -platform iphonesimulator -o /Users/keno/Library/Developer/Xcode/DerivedData/AirPosture-hblucrykakncqfdzfjlzswinkxaj/Build/Products/Debug-iphonesimulator/AirPosture.app/Info.plist

SwiftDriver AirPosture normal arm64 com.apple.xcode.tools.swift.compiler (in target 'AirPosture' from project 'AirPosture')
    cd /Users/keno/Desktop/test/AirPosture
    builtin-SwiftDriver -- /Applications/Xcode.app/Contents/Developer/Toolchains/XcodeDefault.xctoolchain/usr/bin/swiftc -module-name AirPosture -Onone -enforce-exclusivity\=checked @/Users/keno/Library/Developer/Xcode/DerivedData/AirPosture-hblucrykakncqfdzfjlzswinkxaj/Build/Intermediates.noindex/AirPosture.build/Debug-iphonesimulator/AirPosture.build/Objects-normal/arm64/AirPosture.SwiftFileList -DDEBUG -enable-bare-slash-regex -enable-experimental-feature DebugDescriptionMacro -sdk /Applications/Xcode.app/Contents/Developer/Platforms/iPhoneSimulator.platform/Developer/SDKs/iPhoneSimulator26.2.sdk -target arm64-apple-ios15.0-simulator -g -module-cache-path /Users/keno/Library/Developer/Xcode/DerivedData/ModuleCache.noindex -Xfrontend -serialize-debugging-options -enable-testing -index-store-path /Users/keno/Library/Developer/Xcode/DerivedData/AirPosture-hblucrykakncqfdzfjlzswinkxaj/Index.noindex/DataStore -Xcc -D_LIBCPP_HARDENING_MODE\=_LIBCPP_HARDENING_MODE_DEBUG -swift-version 5 -I /Users/keno/Library/Developer/Xcode/DerivedData/AirPosture-hblucrykakncqfdzfjlzswinkxaj/Build/Products/Debug-iphonesimulator -F /Users/keno/Library/Developer/Xcode/DerivedData/AirPosture-hblucrykakncqfdzfjlzswinkxaj/Build/Products/Debug-iphonesimulator -c -j14 -enable-batch-mode -incremental -Xcc -ivfsstatcache -Xcc /Users/keno/Library/Developer/Xcode/DerivedData/SDKStatCaches.noindex/iphonesimulator26.2-23C53-7d00a8b37fbd7999ea79df8ebc024bf0.sdkstatcache -output-file-map /Users/keno/Library/Developer/Xcode/DerivedData/AirPosture-hblucrykakncqfdzfjlzswinkxaj/Build/Intermediates.noindex/AirPosture.build/Debug-iphonesimulator/AirPosture.build/Objects-normal/arm64/AirPosture-OutputFileMap.json -use-frontend-parseable-output -save-temps -no-color-diagnostics -explicit-module-build -module-cache-path /Users/keno/Library/Developer/Xcode/DerivedData/AirPosture-hblucrykakncqfdzfjlzswinkxaj/Build/Intermediates.noindex/SwiftExplicitPrecompiledModules -clang-scanner-module-cache-path /Users/keno/Library/Developer/Xcode/DerivedData/ModuleCache.noindex -sdk-module-cache-path /Users/keno/Library/Developer/Xcode/DerivedData/ModuleCache.noindex -serialize-diagnostics -emit-dependencies -emit-module -emit-module-path /Users/keno/Library/Developer/Xcode/DerivedData/AirPosture-hblucrykakncqfdzfjlzswinkxaj/Build/Intermediates.noindex/AirPosture.build/Debug-iphonesimulator/AirPosture.build/Objects-normal/arm64/AirPosture.swiftmodule -validate-clang-modules-once -clang-build-session-file /Users/keno/Library/Developer/Xcode/DerivedData/ModuleCache.noindex/Session.modulevalidation -Xcc -I/Users/keno/Library/Developer/Xcode/DerivedData/AirPosture-hblucrykakncqfdzfjlzswinkxaj/Build/Intermediates.noindex/AirPosture.build/Debug-iphonesimulator/AirPosture.build/swift-overrides.hmap -emit-const-values -Xfrontend -const-gather-protocols-file -Xfrontend /Users/keno/Library/Developer/Xcode/DerivedData/AirPosture-hblucrykakncqfdzfjlzswinkxaj/Build/Intermediates.noindex/AirPosture.build/Debug-iphonesimulator/AirPosture.build/Objects-normal/arm64/AirPosture_const_extract_protocols.json -Xcc -iquote -Xcc /Users/keno/Library/Developer/Xcode/DerivedData/AirPosture-hblucrykakncqfdzfjlzswinkxaj/Build/Intermediates.noindex/AirPosture.build/Debug-iphonesimulator/AirPosture.build/AirPosture-generated-files.hmap -Xcc -I/Users/keno/Library/Developer/Xcode/DerivedData/AirPosture-hblucrykakncqfdzfjlzswinkxaj/Build/Intermediates.noindex/AirPosture.build/Debug-iphonesimulator/AirPosture.build/AirPosture-own-target-headers.hmap -Xcc -I/Users/keno/Library/Developer/Xcode/DerivedData/AirPosture-hblucrykakncqfdzfjlzswinkxaj/Build/Intermediates.noindex/AirPosture.build/Debug-iphonesimulator/AirPosture.build/AirPosture-all-target-headers.hmap -Xcc -iquote -Xcc /Users/keno/Library/Developer/Xcode/DerivedData/AirPosture-hblucrykakncqfdzfjlzswinkxaj/Build/Intermediates.noindex/AirPosture.build/Debug-iphonesimulator/AirPosture.build/AirPosture-project-headers.hmap -Xcc -I/Users/keno/Library/Developer/Xcode/DerivedData/AirPosture-hblucrykakncqfdzfjlzswinkxaj/Build/Products/Debug-iphonesimulator/include -Xcc -I/Users/keno/Library/Developer/Xcode/DerivedData/AirPosture-hblucrykakncqfdzfjlzswinkxaj/Build/Intermediates.noindex/AirPosture.build/Debug-iphonesimulator/AirPosture.build/DerivedSources-normal/arm64 -Xcc -I/Users/keno/Library/Developer/Xcode/DerivedData/AirPosture-hblucrykakncqfdzfjlzswinkxaj/Build/Intermediates.noindex/AirPosture.build/Debug-iphonesimulator/AirPosture.build/DerivedSources/arm64 -Xcc -I/Users/keno/Library/Developer/Xcode/DerivedData/AirPosture-hblucrykakncqfdzfjlzswinkxaj/Build/Intermediates.noindex/AirPosture.build/Debug-iphonesimulator/AirPosture.build/DerivedSources -Xcc -DDEBUG\=1 -emit-objc-header -emit-objc-header-path /Users/keno/Library/Developer/Xcode/DerivedData/AirPosture-hblucrykakncqfdzfjlzswinkxaj/Build/Intermediates.noindex/AirPosture.build/Debug-iphonesimulator/AirPosture.build/Objects-normal/arm64/AirPosture-Swift.h -working-directory /Users/keno/Desktop/test/AirPosture -experimental-emit-module-separately -disable-cmo

SwiftEmitModule normal arm64 Emitting\ module\ for\ AirPosture (in target 'AirPosture' from project 'AirPosture')

EmitSwiftModule normal arm64 (in target 'AirPosture' from project 'AirPosture')
    cd /Users/keno/Desktop/test/AirPosture
    

SwiftCompile normal arm64 Compiling\ ContentView.swift /Users/keno/Desktop/test/AirPosture/AirPosture/ContentView.swift (in target 'AirPosture' from project 'AirPosture')
SwiftCompile normal arm64 /Users/keno/Desktop/test/AirPosture/AirPosture/ContentView.swift (in target 'AirPosture' from project 'AirPosture')
    cd /Users/keno/Desktop/test/AirPosture
    
/Users/keno/Desktop/test/AirPosture/AirPosture/ContentView.swift:35:60: error: value of type 'HeadphoneMotionManager' has no dynamic member 'badPostureThreshold' using key path from root type 'HeadphoneMotionManager'
                    Text("Sensitivity: \(Int(motionManager.badPostureThreshold * 100))%")
                                             ~~~~~~~~~~~~~ ^~~~~~~~~~~~~~~~~~~
/Users/keno/Desktop/test/AirPosture/AirPosture/ContentView.swift:35:46: error: referencing subscript 'subscript(dynamicMember:)' requires wrapper 'EnvironmentObject<HeadphoneMotionManager>.Wrapper'
                    Text("Sensitivity: \(Int(motionManager.badPostureThreshold * 100))%")
                                             ^
                                             $
/Users/keno/Desktop/test/AirPosture/AirPosture/ContentView.swift:35:60: error: cannot convert value of type 'Binding<Subject>' to expected argument type 'Int'
                    Text("Sensitivity: \(Int(motionManager.badPostureThreshold * 100))%")
                                                           ^
/Users/keno/Desktop/test/AirPosture/AirPosture/ContentView.swift:204:57: error: value of type 'GraphicsContext.Shading' has no member 'opacity'
            context.stroke(refPath, with: .color(.gray).opacity(0.3), style: StrokeStyle(lineWidth: 2, dash: [5]))
                                          ~~~~~~~~~~~~~ ^~~~~~~

Failed frontend command:
/Applications/Xcode.app/Contents/Developer/Toolchains/XcodeDefault.xctoolchain/usr/bin/swift-frontend -frontend -c /Users/keno/Desktop/test/AirPosture/AirPosture/AirPostureApp.swift /Users/keno/Desktop/test/AirPosture/AirPosture/AudioManager.swift -primary-file /Users/keno/Desktop/test/AirPosture/AirPosture/ContentView.swift /Users/keno/Desktop/test/AirPosture/AirPosture/HeadphoneMotionManager.swift -emit-dependencies-path /Users/keno/Library/Developer/Xcode/DerivedData/AirPosture-hblucrykakncqfdzfjlzswinkxaj/Build/Intermediates.noindex/AirPosture.build/Debug-iphonesimulator/AirPosture.build/Objects-normal/arm64/ContentView.d -emit-const-values-path /Users/keno/Library/Developer/Xcode/DerivedData/AirPosture-hblucrykakncqfdzfjlzswinkxaj/Build/Intermediates.noindex/AirPosture.build/Debug-iphonesimulator/AirPosture.build/Objects-normal/arm64/ContentView.swiftconstvalues -emit-reference-dependencies-path /Users/keno/Library/Developer/Xcode/DerivedData/AirPosture-hblucrykakncqfdzfjlzswinkxaj/Build/Intermediates.noindex/AirPosture.build/Debug-iphonesimulator/AirPosture.build/Objects-normal/arm64/ContentView.swiftdeps -serialize-diagnostics-path /Users/keno/Library/Developer/Xcode/DerivedData/AirPosture-hblucrykakncqfdzfjlzswinkxaj/Build/Intermediates.noindex/AirPosture.build/Debug-iphonesimulator/AirPosture.build/Objects-normal/arm64/ContentView.dia -target arm64-apple-ios15.0-simulator -load-resolved-plugin /Applications/Xcode.app/Contents/Developer/Platforms/iPhoneOS.platform/Developer/usr/lib/swift/host/plugins/libFoundationMacros.dylib\#/Applications/Xcode.app/Contents/Developer/Platforms/iPhoneOS.platform/Developer/usr/bin/swift-plugin-server\#FoundationMacros -load-resolved-plugin /Applications/Xcode.app/Contents/Developer/Platforms/iPhoneOS.platform/Developer/usr/lib/swift/host/plugins/libObservationMacros.dylib\#/Applications/Xcode.app/Contents/Developer/Platforms/iPhoneOS.platform/Developer/usr/bin/swift-plugin-server\#ObservationMacros -load-resolved-plugin /Applications/Xcode.app/Contents/Developer/Platforms/iPhoneOS.platform/Developer/usr/lib/swift/host/plugins/libPreviewsMacros.dylib\#/Applications/Xcode.app/Contents/Developer/Platforms/iPhoneOS.platform/Developer/usr/bin/swift-plugin-server\#PreviewsMacros -load-resolved-plugin /Applications/Xcode.app/Contents/Developer/Platforms/iPhoneOS.platform/Developer/usr/lib/swift/host/plugins/libSwiftMacros.dylib\#/Applications/Xcode.app/Contents/Developer/Platforms/iPhoneOS.platform/Developer/usr/bin/swift-plugin-server\#SwiftMacros -load-resolved-plugin /Applications/Xcode.app/Contents/Developer/Platforms/iPhoneOS.platform/Developer/usr/lib/swift/host/plugins/libSwiftUIMacros.dylib\#/Applications/Xcode.app/Contents/Developer/Platforms/iPhoneOS.platform/Developer/usr/bin/swift-plugin-server\#SwiftUIMacros -disable-implicit-swift-modules -Xcc -fno-implicit-modules -Xcc -fno-implicit-module-maps -explicit-swift-module-map-file /Users/keno/Library/Developer/Xcode/DerivedData/AirPosture-hblucrykakncqfdzfjlzswinkxaj/Build/Intermediates.noindex/AirPosture.build/Debug-iphonesimulator/AirPosture.build/Objects-normal/arm64/AirPosture-dependencies-1.json -Xllvm -aarch64-use-tbi -enable-objc-interop -sdk /Applications/Xcode.app/Contents/Developer/Platforms/iPhoneSimulator.platform/Developer/SDKs/iPhoneSimulator26.2.sdk -I /Users/keno/Library/Developer/Xcode/DerivedData/AirPosture-hblucrykakncqfdzfjlzswinkxaj/Build/Products/Debug-iphonesimulator -F /Users/keno/Library/Developer/Xcode/DerivedData/AirPosture-hblucrykakncqfdzfjlzswinkxaj/Build/Products/Debug-iphonesimulator -no-color-diagnostics -Xcc -fno-color-diagnostics -enable-testing -g -debug-info-format\=dwarf -dwarf-version\=4 -module-cache-path /Users/keno/Library/Developer/Xcode/DerivedData/AirPosture-hblucrykakncqfdzfjlzswinkxaj/Build/Intermediates.noindex/SwiftExplicitPrecompiledModules -swift-version 5 -enforce-exclusivity\=checked -Onone -D DEBUG -serialize-debugging-options -const-gather-protocols-file /Users/keno/Library/Developer/Xcode/DerivedData/AirPosture-hblucrykakncqfdzfjlzswinkxaj/Build/Intermediates.noindex/AirPosture.build/Debug-iphonesimulator/AirPosture.build/Objects-normal/arm64/AirPosture_const_extract_protocols.json -enable-experimental-feature DebugDescriptionMacro -enable-bare-slash-regex -empty-abi-descriptor -validate-clang-modules-once -clang-build-session-file /Users/keno/Library/Developer/Xcode/DerivedData/ModuleCache.noindex/Session.modulevalidation -Xcc -working-directory -Xcc /Users/keno/Desktop/test/AirPosture -enable-anonymous-context-mangled-names -file-compilation-dir /Users/keno/Desktop/test/AirPosture -Xcc -D_LIBCPP_HARDENING_MODE\=_LIBCPP_HARDENING_MODE_DEBUG -Xcc -ivfsstatcache -Xcc /Users/keno/Library/Developer/Xcode/DerivedData/SDKStatCaches.noindex/iphonesimulator26.2-23C53-7d00a8b37fbd7999ea79df8ebc024bf0.sdkstatcache -Xcc -I/Users/keno/Library/Developer/Xcode/DerivedData/AirPosture-hblucrykakncqfdzfjlzswinkxaj/Build/Intermediates.noindex/AirPosture.build/Debug-iphonesimulator/AirPosture.build/swift-overrides.hmap -Xcc -iquote -Xcc /Users/keno/Library/Developer/Xcode/DerivedData/AirPosture-hblucrykakncqfdzfjlzswinkxaj/Build/Intermediates.noindex/AirPosture.build/Debug-iphonesimulator/AirPosture.build/AirPosture-generated-files.hmap -Xcc -I/Users/keno/Library/Developer/Xcode/DerivedData/AirPosture-hblucrykakncqfdzfjlzswinkxaj/Build/Intermediates.noindex/AirPosture.build/Debug-iphonesimulator/AirPosture.build/AirPosture-own-target-headers.hmap -Xcc -I/Users/keno/Library/Developer/Xcode/DerivedData/AirPosture-hblucrykakncqfdzfjlzswinkxaj/Build/Intermediates.noindex/AirPosture.build/Debug-iphonesimulator/AirPosture.build/AirPosture-all-target-headers.hmap -Xcc -iquote -Xcc /Users/keno/Library/Developer/Xcode/DerivedData/AirPosture-hblucrykakncqfdzfjlzswinkxaj/Build/Intermediates.noindex/AirPosture.build/Debug-iphonesimulator/AirPosture.build/AirPosture-project-headers.hmap -Xcc -I/Users/keno/Library/Developer/Xcode/DerivedData/AirPosture-hblucrykakncqfdzfjlzswinkxaj/Build/Products/Debug-iphonesimulator/include -Xcc -I/Users/keno/Library/Developer/Xcode/DerivedData/AirPosture-hblucrykakncqfdzfjlzswinkxaj/Build/Intermediates.noindex/AirPosture.build/Debug-iphonesimulator/AirPosture.build/DerivedSources-normal/arm64 -Xcc -I/Users/keno/Library/Developer/Xcode/DerivedData/AirPosture-hblucrykakncqfdzfjlzswinkxaj/Build/Intermediates.noindex/AirPosture.build/Debug-iphonesimulator/AirPosture.build/DerivedSources/arm64 -Xcc -I/Users/keno/Library/Developer/Xcode/DerivedData/AirPosture-hblucrykakncqfdzfjlzswinkxaj/Build/Intermediates.noindex/AirPosture.build/Debug-iphonesimulator/AirPosture.build/DerivedSources -Xcc -DDEBUG\=1 -no-auto-bridging-header-chaining -module-name AirPosture -frontend-parseable-output -disable-clang-spi -target-sdk-version 26.2 -target-sdk-name iphonesimulator26.2 -clang-target arm64-apple-ios26.2-simulator -in-process-plugin-server-path /Applications/Xcode.app/Contents/Developer/Toolchains/XcodeDefault.xctoolchain/usr/lib/swift/host/libSwiftInProcPluginServer.dylib -o /Users/keno/Library/Developer/Xcode/DerivedData/AirPosture-hblucrykakncqfdzfjlzswinkxaj/Build/Intermediates.noindex/AirPosture.build/Debug-iphonesimulator/AirPosture.build/Objects-normal/arm64/ContentView.o -index-unit-output-path /AirPosture.build/Debug-iphonesimulator/AirPosture.build/Objects-normal/arm64/ContentView.o -index-store-path /Users/keno/Library/Developer/Xcode/DerivedData/AirPosture-hblucrykakncqfdzfjlzswinkxaj/Index.noindex/DataStore -index-system-modules
** BUILD FAILED **


The following build commands failed:
	SwiftCompile normal arm64 /Users/keno/Desktop/test/AirPosture/AirPosture/ContentView.swift (in target 'AirPosture' from project 'AirPosture')
	SwiftCompile normal arm64 Compiling\ ContentView.swift /Users/keno/Desktop/test/AirPosture/AirPosture/ContentView.swift (in target 'AirPosture' from project 'AirPosture')
	Building project AirPosture with scheme AirPosture
(3 failures)
